Started by upstream project "[8mha:////4IhHdzO533c+yyCRgttsTy3je15q41vYmdBaHYQ3DhY8AAAAoh+LCAAAAAAAAP9b85aBtbiIQTGjNKU4P08vOT+vOD8nVc83PyU1x6OyILUoJzMv2y+/JJUBAhiZGBgqihhk0NSjKDWzXb3RdlLBUSYGJk8GtpzUvPSSDB8G5tKinBIGIZ+sxLJE/ZzEvHT94JKizLx0a6BxUmjGOUNodHsLgAzFEgZt/az8JH1D3aTSzJwU3YLMglSgzanYBQEVQiG14AAAAA==[0m1-build-pipeline/1-build-pipeline" build number [8mha:////4M2fF3y+w2FevrSCNwTvzJkVDcUp1rIoWFrNOl0gKow5AAAApB+LCAAAAAAAAP9b85aBtbiIQTGjNKU4P08vOT+vOD8nVc83PyU1x6OyILUoJzMv2y+/JJUBAhiZGBgqihhk0NSjKDWzXb3RdlLBUSYGJk8GtpzUvPSSDB8G5tKinBIGIZ+sxLJE/ZzEvHT94JKizLx0a6BxUmjGOUNodHsLgAymEgZd/az8JH1D3aTSzJwU3YLMglSgzanYBQ1NAQM0AwXiAAAA[0m15
originally caused by:
 Started by user [8mha:////4Awm+zaOaC3f+14u/d1Xriuk1gn4ErIWisvfiCZ2FI7OAAAAnB+LCAAAAAAAAP9b85aBtbiIQTGjNKU4P08vOT+vOD8nVc83PyU1x6OyILUoJzMv2y+/JJUBAhiZGBgqihhk0NSjKDWzXb3RdlLBUSYGJk8GtpzUvPSSDB8G5tKinBIGIZ+sxLJE/ZzEvHT94JKizLx0a6BxUmjGOUNodHsLgAzuEgYB/dLi1CL9nNTcxIrElNzMPAA8uYolxQAAAA==[0mMolema Lema
Running as SYSTEM
Building in workspace /var/lib/jenkins/workspace/1-build-pipeline/1.1-build-pipeline-jobs/level-1-build-server
[WS-CLEANUP] Deleting project workspace...
[WS-CLEANUP] Deferred wipeout is used...
[WS-CLEANUP] Done
using credential e80fc1e6-135f-47cd-b9a4-b1075d8d5963
Cloning the remote Git repository
Cloning repository https://github.com/Lemax-Dev/infrastructure-repo.git
 > git init /var/lib/jenkins/workspace/1-build-pipeline/1.1-build-pipeline-jobs/level-1-build-server # timeout=10
Fetching upstream changes from https://github.com/Lemax-Dev/infrastructure-repo.git
 > git --version # timeout=10
using GIT_ASKPASS to set credentials 
 > git fetch --tags --progress https://github.com/Lemax-Dev/infrastructure-repo.git +refs/heads/*:refs/remotes/origin/* # timeout=10
 > git config remote.origin.url https://github.com/Lemax-Dev/infrastructure-repo.git # timeout=10
 > git config --add remote.origin.fetch +refs/heads/*:refs/remotes/origin/* # timeout=10
 > git config remote.origin.url https://github.com/Lemax-Dev/infrastructure-repo.git # timeout=10
Fetching upstream changes from https://github.com/Lemax-Dev/infrastructure-repo.git
using GIT_ASKPASS to set credentials 
 > git fetch --tags --progress https://github.com/Lemax-Dev/infrastructure-repo.git +refs/heads/*:refs/remotes/origin/* # timeout=10
 > git rev-parse refs/remotes/origin/master^{commit} # timeout=10
 > git rev-parse refs/remotes/origin/origin/master^{commit} # timeout=10
Checking out Revision a3af7d47ea472a970b3afbac6369b1d208cb489c (refs/remotes/origin/master)
 > git config core.sparsecheckout # timeout=10
 > git checkout -f a3af7d47ea472a970b3afbac6369b1d208cb489c # timeout=10
Commit message: "Jenkins CI/CD automated run"
 > git rev-list --no-walk 3c51076fa6f21f7ca79e9f5704fc69db5aa1fa6d # timeout=10
[level-1-build-server] $ /bin/sh -xe /tmp/jenkins2009349133810579558.sh
+ echo '==============Terraform Init=============='
==============Terraform Init==============
+ terraform init

[0m[1mInitializing the backend...[0m

[0m[1mInitializing provider plugins...[0m
- Checking for available provider plugins...
- Downloading plugin for provider "aws" (hashicorp/aws) 2.43.0...

The following providers do not have any version constraints in configuration,
so the latest version was installed.

To prevent automatic upgrades to new major versions that may contain breaking
changes, it is recommended to add version = "..." constraints to the
corresponding provider blocks in configuration, with the constraint strings
suggested below.

* provider.aws: version = "~> 2.43"

[0m[1m[32mTerraform has been successfully initialized![0m[32m[0m
[0m[32m
You may now begin working with Terraform. Try running "terraform plan" to see
any changes that are required for your infrastructure. All Terraform commands
should now work.

If you ever set or change modules or backend configuration for Terraform,
rerun this command to reinitialize your working directory. If you forget, other
commands will detect it and remind you to do so if necessary.[0m
+ echo '==============Terraform Plan=============='
==============Terraform Plan==============
+ terraform plan
[0m[1mRefreshing Terraform state in-memory prior to plan...[0m
The refreshed state will be used to calculate this plan, but will not be
persisted to local or remote state storage.
[0m
[0m[1maws_instance.bookingteam-dev-01: Refreshing state... [id=i-0020cb038eda28627][0m

------------------------------------------------------------------------

[0m[1m[32mNo changes. Infrastructure is up-to-date.[0m[32m

This means that Terraform did not detect any differences between your
configuration and real physical resources that exist. As a result, no
actions need to be performed.[0m
+ echo '==============Terraform Apply=============='
==============Terraform Apply==============
+ terraform apply -auto-approve
[0m[1maws_instance.bookingteam-dev-01: Refreshing state... [id=i-0020cb038eda28627][0m
[0m[1m[32m
Apply complete! Resources: 0 added, 0 changed, 0 destroyed.[0m
+ echo '==============Git status=============='
==============Git status==============
+ git status
# HEAD detached at a3af7d4
nothing to commit, working directory clean
+ echo '==============Git Set Up=============='
==============Git Set Up==============
+ echo '==============Git Add=============='
==============Git Add==============
+ git add .
+ echo '==============Git Commit=============='
==============Git Commit==============
+ git commit -m 'Jenkins CI/CD automated run'
# HEAD detached at a3af7d4
nothing to commit, working directory clean
Build step 'Execute shell' marked build as failure
Build did not succeed and the project is configured to only push after a successful build, so no pushing will occur.
Finished: FAILURE
