Started by GitHub push by Lemax-Dev
Running as SYSTEM
Building in workspace /var/lib/jenkins/workspace/1-build-pipeline/1.1-build-pipeline-jobs/level-1-build-server
using credential e80fc1e6-135f-47cd-b9a4-b1075d8d5963
 > git rev-parse --is-inside-work-tree # timeout=10
Fetching changes from the remote Git repository
 > git config remote.origin.url https://github.com/Lemax-Dev/infrastructure-repo.git # timeout=10
Fetching upstream changes from https://github.com/Lemax-Dev/infrastructure-repo.git
 > git --version # timeout=10
using GIT_ASKPASS to set credentials 
 > git fetch --tags --progress https://github.com/Lemax-Dev/infrastructure-repo.git +refs/heads/*:refs/remotes/origin/* # timeout=10
 > git rev-parse refs/remotes/origin/master^{commit} # timeout=10
 > git rev-parse refs/remotes/origin/origin/master^{commit} # timeout=10
Checking out Revision 29cdf99e78abdd4bb67c87e999993a0fdd61b586 (refs/remotes/origin/master)
 > git config core.sparsecheckout # timeout=10
 > git checkout -f 29cdf99e78abdd4bb67c87e999993a0fdd61b586 # timeout=10
Commit message: "Delete molema"
 > git rev-list --no-walk 97d6db5f1140e47a7a0728ee225a741f83202d1e # timeout=10
[level-1-build-server] $ /bin/bash /tmp/jenkins8717804132725280086.sh
/var/lib/jenkins/workspace/1-build-pipeline/1.1-build-pipeline-jobs/level-1-build-server
main.tf
README.md
terraform.tfstate
terraform.tfstate.backup
/var/lib/jenkins
==============Terraform Init==============
==============Terraform Plan==============
==============Terraform Apply==============
rm: cannot remove ‘mmra.txt’: No such file or directory
rm: cannot remove ‘molema’: No such file or directory
==============Git status==============
# HEAD detached at 29cdf99
nothing to commit, working directory clean
==============Git Set Up==============
==============Git Add==============
==============Git Commit==============
# HEAD detached at 29cdf99
nothing to commit, working directory clean
==============Git Push==============
using credential e80fc1e6-135f-47cd-b9a4-b1075d8d5963
Pushing HEAD to branch master at repo origin
 > git --version # timeout=10
using GIT_ASKPASS to set credentials 
 > git push https://github.com/Lemax-Dev/infrastructure-repo.git HEAD:master # timeout=10
Finished: SUCCESS
