Started by upstream project "[8mha:////4IhHdzO533c+yyCRgttsTy3je15q41vYmdBaHYQ3DhY8AAAAoh+LCAAAAAAAAP9b85aBtbiIQTGjNKU4P08vOT+vOD8nVc83PyU1x6OyILUoJzMv2y+/JJUBAhiZGBgqihhk0NSjKDWzXb3RdlLBUSYGJk8GtpzUvPSSDB8G5tKinBIGIZ+sxLJE/ZzEvHT94JKizLx0a6BxUmjGOUNodHsLgAzFEgZt/az8JH1D3aTSzJwU3YLMglSgzanYBQEVQiG14AAAAA==[0m1-build-pipeline/1-build-pipeline" build number [8mha:////4GWumb+Pvujgey8bhrrBiSkkPK0BXhxFe2MABjgM+eVqAAAApB+LCAAAAAAAAP9b85aBtbiIQTGjNKU4P08vOT+vOD8nVc83PyU1x6OyILUoJzMv2y+/JJUBAhiZGBgqihhk0NSjKDWzXb3RdlLBUSYGJk8GtpzUvPSSDB8G5tKinBIGIZ+sxLJE/ZzEvHT94JKizLx0a6BxUmjGOUNodHsLgAymEgZd/az8JH1D3aTSzJwU3YLMglSgzanYBQ2NAKChZ5viAAAA[0m12
originally caused by:
 Started by user [8mha:////4Awm+zaOaC3f+14u/d1Xriuk1gn4ErIWisvfiCZ2FI7OAAAAnB+LCAAAAAAAAP9b85aBtbiIQTGjNKU4P08vOT+vOD8nVc83PyU1x6OyILUoJzMv2y+/JJUBAhiZGBgqihhk0NSjKDWzXb3RdlLBUSYGJk8GtpzUvPSSDB8G5tKinBIGIZ+sxLJE/ZzEvHT94JKizLx0a6BxUmjGOUNodHsLgAzuEgYB/dLi1CL9nNTcxIrElNzMPAA8uYolxQAAAA==[0mMolema Lema
Running as SYSTEM
Building in workspace /var/lib/jenkins/workspace/1-build-pipeline/1.1-build-pipeline-jobs/level-1-build-server
[WS-CLEANUP] Deleting project workspace...
[WS-CLEANUP] Deferred wipeout is used...
[WS-CLEANUP] Done
using credential e80fc1e6-135f-47cd-b9a4-b1075d8d5963
Cloning the remote Git repository
Cloning repository https://github.com/Lemax-Dev/infrastructure-repo.git
 > git init /var/lib/jenkins/workspace/1-build-pipeline/1.1-build-pipeline-jobs/level-1-build-server # timeout=10
Fetching upstream changes from https://github.com/Lemax-Dev/infrastructure-repo.git
 > git --version # timeout=10
using GIT_ASKPASS to set credentials 
 > git fetch --tags --progress https://github.com/Lemax-Dev/infrastructure-repo.git +refs/heads/*:refs/remotes/origin/* # timeout=10
 > git config remote.origin.url https://github.com/Lemax-Dev/infrastructure-repo.git # timeout=10
 > git config --add remote.origin.fetch +refs/heads/*:refs/remotes/origin/* # timeout=10
 > git config remote.origin.url https://github.com/Lemax-Dev/infrastructure-repo.git # timeout=10
Fetching upstream changes from https://github.com/Lemax-Dev/infrastructure-repo.git
using GIT_ASKPASS to set credentials 
 > git fetch --tags --progress https://github.com/Lemax-Dev/infrastructure-repo.git +refs/heads/*:refs/remotes/origin/* # timeout=10
 > git rev-parse refs/remotes/origin/master^{commit} # timeout=10
 > git rev-parse refs/remotes/origin/origin/master^{commit} # timeout=10
Checking out Revision 3c51076fa6f21f7ca79e9f5704fc69db5aa1fa6d (refs/remotes/origin/master)
 > git config core.sparsecheckout # timeout=10
 > git checkout -f 3c51076fa6f21f7ca79e9f5704fc69db5aa1fa6d # timeout=10
Commit message: "Update main.tf"
 > git rev-list --no-walk a0aca9f700ce32c25d0ec86538a121c459e28246 # timeout=10
[level-1-build-server] $ /bin/sh -xe /tmp/jenkins7103361903480788279.sh
+ echo '==============Terraform Init=============='
==============Terraform Init==============
+ terraform init

[0m[1mInitializing the backend...[0m

[0m[1mInitializing provider plugins...[0m
- Checking for available provider plugins...
- Downloading plugin for provider "aws" (hashicorp/aws) 2.43.0...

The following providers do not have any version constraints in configuration,
so the latest version was installed.

To prevent automatic upgrades to new major versions that may contain breaking
changes, it is recommended to add version = "..." constraints to the
corresponding provider blocks in configuration, with the constraint strings
suggested below.

* provider.aws: version = "~> 2.43"

[0m[1m[32mTerraform has been successfully initialized![0m[32m[0m
[0m[32m
You may now begin working with Terraform. Try running "terraform plan" to see
any changes that are required for your infrastructure. All Terraform commands
should now work.

If you ever set or change modules or backend configuration for Terraform,
rerun this command to reinitialize your working directory. If you forget, other
commands will detect it and remind you to do so if necessary.[0m
+ echo '==============Terraform Plan=============='
==============Terraform Plan==============
+ terraform plan
[0m[1mRefreshing Terraform state in-memory prior to plan...[0m
The refreshed state will be used to calculate this plan, but will not be
persisted to local or remote state storage.
[0m
[0m[1maws_instance.bookingteam-dev-01: Refreshing state... [id=i-0020cb038eda28627][0m

------------------------------------------------------------------------

An execution plan has been generated and is shown below.
Resource actions are indicated with the following symbols:
  [33m~[0m update in-place
[0m
Terraform will perform the following actions:

[1m  # aws_instance.bookingteam-dev-01[0m will be updated in-place[0m[0m
[0m  [33m~[0m[0m resource "aws_instance" "bookingteam-dev-01" {
        [1m[0mami[0m[0m                          = "ami-0ee2cc04e6a530d94"
        [1m[0marn[0m[0m                          = "arn:aws:ec2:eu-west-1:897877382310:instance/i-0020cb038eda28627"
        [1m[0massociate_public_ip_address[0m[0m  = true
        [1m[0mavailability_zone[0m[0m            = "eu-west-1c"
        [1m[0mcpu_core_count[0m[0m               = 1
        [1m[0mcpu_threads_per_core[0m[0m         = 1
        [1m[0mdisable_api_termination[0m[0m      = false
        [1m[0mebs_optimized[0m[0m                = false
        [1m[0mget_password_data[0m[0m            = false
        [1m[0mid[0m[0m                           = "i-0020cb038eda28627"
        [1m[0minstance_state[0m[0m               = "running"
        [1m[0minstance_type[0m[0m                = "t2.micro"
        [1m[0mipv6_address_count[0m[0m           = 0
        [1m[0mipv6_addresses[0m[0m               = []
        [1m[0mkey_name[0m[0m                     = "lemaxdevkey"
        [1m[0mmonitoring[0m[0m                   = false
        [1m[0mprimary_network_interface_id[0m[0m = "eni-097cc080bab1e0285"
        [1m[0mprivate_dns[0m[0m                  = "ip-172-31-34-195.eu-west-1.compute.internal"
        [1m[0mprivate_ip[0m[0m                   = "172.31.34.195"
        [1m[0mpublic_dns[0m[0m                   = "ec2-34-244-97-78.eu-west-1.compute.amazonaws.com"
        [1m[0mpublic_ip[0m[0m                    = "34.244.97.78"
        [1m[0msecurity_groups[0m[0m              = [
            "Future Airlines - App Security group - Default",
        ]
        [1m[0msource_dest_check[0m[0m            = true
        [1m[0msubnet_id[0m[0m                    = "subnet-a4ad10fc"
      [33m~[0m [0m[1m[0mtags[0m[0m                         = {
          [33m~[0m [0m"Name" = "bookingteam-dev-01" [33m->[0m [0m"bookingteam-dev--01"
        }
        [1m[0mtenancy[0m[0m                      = "default"
        [1m[0mvolume_tags[0m[0m                  = {}
        [1m[0mvpc_security_group_ids[0m[0m       = [
            "sg-0008be08e1a39844f",
        ]

        credit_specification {
            [1m[0mcpu_credits[0m[0m = "standard"
        }

        root_block_device {
            [1m[0mdelete_on_termination[0m[0m = true
            [1m[0mencrypted[0m[0m             = false
            [1m[0miops[0m[0m                  = 100
            [1m[0mvolume_id[0m[0m             = "vol-025343e6e6c821db5"
            [1m[0mvolume_size[0m[0m           = 15
            [1m[0mvolume_type[0m[0m           = "gp2"
        }
    }

[0m[1mPlan:[0m 0 to add, 1 to change, 0 to destroy.[0m

------------------------------------------------------------------------

Note: You didn't specify an "-out" parameter to save this plan, so Terraform
can't guarantee that exactly these actions will be performed if
"terraform apply" is subsequently run.

+ echo '==============Terraform Apply=============='
==============Terraform Apply==============
+ terraform apply -auto-approve
[0m[1maws_instance.bookingteam-dev-01: Refreshing state... [id=i-0020cb038eda28627][0m
[0m[1maws_instance.bookingteam-dev-01: Modifying... [id=i-0020cb038eda28627][0m[0m
[0m[1maws_instance.bookingteam-dev-01: Modifications complete after 0s [id=i-0020cb038eda28627][0m[0m
[0m[1m[32m
Apply complete! Resources: 0 added, 1 changed, 0 destroyed.[0m
+ echo '==============Git status=============='
==============Git status==============
+ git status
# HEAD detached at 3c51076
# Changes not staged for commit:
#   (use "git add <file>..." to update what will be committed)
#   (use "git checkout -- <file>..." to discard changes in working directory)
#
#	modified:   terraform.tfstate
#	modified:   terraform.tfstate.backup
#
no changes added to commit (use "git add" and/or "git commit -a")
+ echo '==============Git Set Up=============='
==============Git Set Up==============
+ echo '==============Git Add=============='
==============Git Add==============
+ git add .
+ echo '==============Git Commit=============='
==============Git Commit==============
+ git commit -m 'Jenkins CI/CD automated run'
[detached HEAD a3af7d4] Jenkins CI/CD automated run
 2 files changed, 12 insertions(+), 12 deletions(-)
+ echo '==============Git Push=============='
==============Git Push==============
using credential e80fc1e6-135f-47cd-b9a4-b1075d8d5963
Pushing HEAD to branch master at repo origin
 > git --version # timeout=10
using GIT_ASKPASS to set credentials 
 > git push https://github.com/Lemax-Dev/infrastructure-repo.git HEAD:master # timeout=10
Finished: SUCCESS
